TYPE int
IDENT main
OPARA (
CPARA )
OBRACE {
TYPE int
IDENT num1
OP_EQ =
INT_LITERAL 0
SEMICOLON ;
TYPE int
IDENT num2
OP_COMMA ,
IDENT num3
OP_EQ =
INT_LITERAL 42
SEMICOLON ;
CONST const
TYPE char*
IDENT str1
OP_EQ =
STRING_LITERAL "hello"
SEMICOLON ;
RET return
INT_LITERAL 0
SEMICOLON ;
CBRACE }